// Jest Snapshot v1, https://goo.gl/fbAQLP

exports[` 1`] = `undefined`;

exports[`ButtonCpn Render ButtonCpn 1`] = `undefined`;
