// Jest Snapshot v1, https://goo.gl/fbAQLP

exports[`ButtonCpn Render ButtonCpn 1`] = `undefined`;
