// Jest Snapshot v1, https://goo.gl/fbAQLP

exports[`Header Render SharePage 1`] = `undefined`;
